// Bun Snapshot v1, https://bun.sh/docs/test/snapshots

exports[`release email snapshot 1`] = `
"Hi Ada,

You're in — we'd love to have you try YAWP with your students.

Create your teacher account to get started:
https://yawp.school/join

This link is for you only and expires in 30 days.

— The YAWP team

Copy version: 2026-10-08-v4"
`;

exports[`admin approval email includes note and links 1`] = `
"Hi!

---

Hi there,

Ada (ada@example.edu) at Example HS would like to use YAWP in their classroom.

YAWP is a classroom writing platform where students draft essays and receive AI-assisted feedback while teachers stay in control of assignments and grading.

How AI is used: students interact with a writing tutor during drafting. Teachers review student work and grades; AI does not replace teacher judgment.

Privacy: student writing is used to provide feedback in YAWP. It is not used to train public AI models.

Questions? Contact us at support@yawp.school.

Approve YAWP for this school (link expires in 14 days):
https://yawp.school/a

I'm not the right person to approve this:
https://yawp.school/n

Copy version: 2026-10-08-v4"
`;
